// Jest Snapshot v1, https://goo.gl/fbAQLP

exports[`Pagination initial component should match snapshot 1`] = `
<DocumentFragment>
  <div
    class="sc-bcXHqe cvRPSc"
  >
    <button
      class="pagination-btn"
    >
      <img
        alt="left arrow"
        class="pagination-icon"
        src="circle-left.svg"
      />
      Previous
    </button>
    <button
      class="pagination-btn"
    >
      <img
        alt="right arrow"
        class="pagination-icon"
        src="circle-right.svg"
      />
      Next
    </button>
  </div>
</DocumentFragment>
`;
